IOb-Bootloader: Restart CPU to run user program...



Hello world!


Value of Pi = 3.141500




IOb-UART: requesting to receive file
IOb-UART: file received
IOb-Bootloader: Loading firmware...
IOb-UART: requesting to send file
IOb-UART: file sent
IOb-Bootloader: Restart CPU to run user program...



Hello world!


Value of Pi = 3.141500




IOb-Bootloader: DDR in use
IOb-Bootloader: Restart CPU to run user program...



Hello world!


Value of Pi = 3.141500




IOb-Bootloader: DDR in use
IOb-Bootloader: program to run from DDR
IOb-Bootloader: Restart CPU to run user program...



Hello world!


Value of Pi = 3.141500




IOb-Bootloader: DDR in use
IOb-Bootloader: program to run from DDR
IOb-UART: requesting to receive file
IOb-UART: file received
IOb-Bootloader: Loading firmware...
IOb-UART: requesting to send file
IOb-UART: file sent
IOb-Bootloader: Restart CPU to run user program...



Hello world!


Value of Pi = 3.141500




