
+-----------------------------------------------+
|                   IOb-Console                 |
+-----------------------------------------------+

IOb-Console: connecting...




Hello world!


Value of Pi = 3.141500

IOb-Console: exiting...
