\relax 
\providecommand\hyper@newdestlabel[2]{}
\providecommand\HyperFirstAtBeginDocument{\AtBeginDocument}
\HyperFirstAtBeginDocument{\ifx\hyper@anchor\@undefined
\global\let\oldcontentsline\contentsline
\gdef\contentsline#1#2#3#4{\oldcontentsline{#1}{#2}{#3}}
\global\let\oldnewlabel\newlabel
\gdef\newlabel#1#2{\newlabelxx{#1}#2}
\gdef\newlabelxx#1#2#3#4#5#6{\oldnewlabel{#1}{{#2}{#3}}}
\AtEndDocument{\ifx\hyper@anchor\@undefined
\let\contentsline\oldcontentsline
\let\newlabel\oldnewlabel
\fi}
\fi}
\global\let\hyper@last\relax 
\gdef\HyperFirstAtBeginDocument#1{#1}
\providecommand\HyField@AuxAddToFields[1]{}
\providecommand\HyField@AuxAddToCoFields[2]{}
\bibstyle{biblatex}
\bibdata{presentation-blx,bibfile}
\citation{biblatex-control}
\abx@aux@refcontext{nty/global//global/global}
\@writefile{toc}{\boolfalse {citerequest}\boolfalse {citetracker}\boolfalse {pagetracker}\boolfalse {backtracker}\relax }
\@writefile{lof}{\boolfalse {citerequest}\boolfalse {citetracker}\boolfalse {pagetracker}\boolfalse {backtracker}\relax }
\@writefile{lot}{\boolfalse {citerequest}\boolfalse {citetracker}\boolfalse {pagetracker}\boolfalse {backtracker}\relax }
\@writefile{nav}{\defcounter {refsection}{0}\relax }\@writefile{nav}{\headcommand {\slideentry {0}{0}{1}{1/1}{}{0}}}
\@writefile{nav}{\defcounter {refsection}{0}\relax }\@writefile{nav}{\headcommand {\beamer@framepages {1}{1}}}
\@writefile{nav}{\defcounter {refsection}{0}\relax }\@writefile{nav}{\headcommand {\slideentry {0}{0}{2}{2/2}{}{0}}}
\@writefile{nav}{\defcounter {refsection}{0}\relax }\@writefile{nav}{\headcommand {\beamer@framepages {2}{2}}}
\@writefile{nav}{\defcounter {refsection}{0}\relax }\@writefile{nav}{\headcommand {\slideentry {0}{0}{3}{3/3}{}{0}}}
\@writefile{nav}{\defcounter {refsection}{0}\relax }\@writefile{nav}{\headcommand {\beamer@framepages {3}{3}}}
\@writefile{nav}{\defcounter {refsection}{0}\relax }\@writefile{nav}{\headcommand {\slideentry {0}{0}{4}{4/4}{}{0}}}
\@writefile{nav}{\defcounter {refsection}{0}\relax }\@writefile{nav}{\headcommand {\beamer@framepages {4}{4}}}
\@writefile{nav}{\defcounter {refsection}{0}\relax }\@writefile{nav}{\headcommand {\slideentry {0}{0}{5}{5/5}{}{0}}}
\@writefile{nav}{\defcounter {refsection}{0}\relax }\@writefile{nav}{\headcommand {\beamer@framepages {5}{5}}}
\@writefile{nav}{\defcounter {refsection}{0}\relax }\@writefile{nav}{\headcommand {\slideentry {0}{0}{6}{6/6}{}{0}}}
\@writefile{nav}{\defcounter {refsection}{0}\relax }\@writefile{nav}{\headcommand {\beamer@framepages {6}{6}}}
\@writefile{nav}{\defcounter {refsection}{0}\relax }\@writefile{nav}{\headcommand {\slideentry {0}{0}{7}{7/7}{}{0}}}
\@writefile{nav}{\defcounter {refsection}{0}\relax }\@writefile{nav}{\headcommand {\beamer@framepages {7}{7}}}
\@writefile{nav}{\defcounter {refsection}{0}\relax }\@writefile{nav}{\headcommand {\slideentry {0}{0}{8}{8/8}{}{0}}}
\@writefile{nav}{\defcounter {refsection}{0}\relax }\@writefile{nav}{\headcommand {\beamer@framepages {8}{8}}}
\@writefile{nav}{\defcounter {refsection}{0}\relax }\@writefile{nav}{\headcommand {\slideentry {0}{0}{9}{9/9}{}{0}}}
\@writefile{nav}{\defcounter {refsection}{0}\relax }\@writefile{nav}{\headcommand {\beamer@framepages {9}{9}}}
\@writefile{nav}{\defcounter {refsection}{0}\relax }\@writefile{nav}{\headcommand {\slideentry {0}{0}{10}{10/10}{}{0}}}
\@writefile{nav}{\defcounter {refsection}{0}\relax }\@writefile{nav}{\headcommand {\beamer@framepages {10}{10}}}
\@writefile{nav}{\defcounter {refsection}{0}\relax }\@writefile{nav}{\headcommand {\slideentry {0}{0}{11}{11/11}{}{0}}}
\@writefile{nav}{\defcounter {refsection}{0}\relax }\@writefile{nav}{\headcommand {\beamer@framepages {11}{11}}}
\@writefile{nav}{\headcommand {\beamer@partpages {1}{11}}}
\@writefile{nav}{\headcommand {\beamer@subsectionpages {1}{11}}}
\@writefile{nav}{\headcommand {\beamer@sectionpages {1}{11}}}
\@writefile{nav}{\headcommand {\beamer@documentpages {11}}}
\@writefile{nav}{\headcommand {\gdef \inserttotalframenumber {11}}}
