
+-----------------------------------------------+
|                   IOb-Console                 |
+-----------------------------------------------+

IOb-Console: connecting...

IOb-Bootloader: connected!
IOb-Bootloader: Restart CPU to run user program...



Hello world!


Value of Pi = 3.141500

IOb-Console: exiting...

+-----------------------------------------------+
|                   IOb-Console                 |
+-----------------------------------------------+

IOb-Console: connecting...

IOb-Bootloader: connected!
IOb-UART: requesting to receive file
IOb-Console: got file send request
IOb-Console: file name b'firmware.bin' 
IOb-Console: file of size 19084 bytes
  0 %
 10 %
 20 %
 30 %
 40 %
 50 %
 60 %
 70 %
 80 %
 90 %
100 %
IOb-Console: file sent
IOb-UART: file received
IOb-Bootloader: Loading firmware...
IOb-UART: requesting to send file
IOb-Console: got file receive request
IOb-Console: file name b's_fw.bin' 
IOb-Console : file size: 19084 bytes
  0 %
 10 %
 20 %
 30 %
 40 %
 50 %
 60 %
 70 %
 80 %
 90 %
100 %
IOb-Console: file received
IOb-UART: file sent
IOb-Bootloader: Restart CPU to run user program...



Hello world!


Value of Pi = 3.141500

IOb-Console: exiting...

+-----------------------------------------------+
|                   IOb-Console                 |
+-----------------------------------------------+

IOb-Console: connecting...

IOb-Bootloader: connected!
IOb-Bootloader: DDR in use
IOb-Bootloader: Restart CPU to run user program...



Hello world!


Value of Pi = 3.141500

IOb-Console: exiting...

+-----------------------------------------------+
|                   IOb-Console                 |
+-----------------------------------------------+

IOb-Console: connecting...

IOb-Bootloader: connected!
IOb-Bootloader: DDR in use
IOb-Bootloader: program to run from DDR
IOb-Bootloader: Restart CPU to run user program...



Hello world!


Value of Pi = 3.141500

IOb-Console: exiting...

+-----------------------------------------------+
|                   IOb-Console                 |
+-----------------------------------------------+

IOb-Console: connecting...

IOb-Bootloader: connected!
IOb-Bootloader: DDR in use
IOb-Bootloader: program to run from DDR
IOb-UART: requesting to receive file
IOb-Console: got file send request
IOb-Console: file name b'firmware.bin' 
IOb-Console: file of size 19244 bytes
  0 %
 10 %
 20 %
 30 %
 40 %
 50 %
 60 %
 70 %
 80 %
 90 %
100 %
IOb-Console: file sent
IOb-UART: file received
IOb-Bootloader: Loading firmware...
IOb-UART: requesting to send file
IOb-Console: got file receive request
IOb-Console: file name b's_fw.bin' 
IOb-Console : file size: 19244 bytes
  0 %
 10 %
 20 %
 30 %
 40 %
 50 %
 60 %
 70 %
 80 %
 90 %
100 %
IOb-Console: file received
IOb-UART: file sent
IOb-Bootloader: Restart CPU to run user program...



Hello world!


Value of Pi = 3.141500

IOb-Console: exiting...
