
+-----------------------------------------------+
|                   IOb-Console                 |
+-----------------------------------------------+

  BaudRate = 115200
  StopBits = 1
  Parity   = None

IOb-Console: connecting...

IOb-Bootloader: connected!
IOb-Bootloader: Restart CPU to run user program...



Hello world!


Value of Pi = 3.141500

IOb-Console: exiting...

+-----------------------------------------------+
|                   IOb-Console                 |
+-----------------------------------------------+

  BaudRate = 115200
  StopBits = 1
  Parity   = None

IOb-Console: connecting...

IOb-Bootloader: connected!
IOb-UART: requesting to receive file
IOb-Console: got file send request
IOb-Console: file name b'firmware.bin' 
IOb-Console: file of size 19092 bytes
IOb-Console: file sent
IOb-UART: file received
IOb-Bootloader: Loading firmware...
IOb-UART: requesting to send file
IOb-Console: got file receive request
IOb-Console: file name b's_fw.bin' 
IOb-Console : file size: 19092 bytes
IOb-Console: file received
IOb-UART: file sent
IOb-Bootloader: Restart CPU to run user program...



Hello world!


Value of Pi = 3.141500

IOb-Console: exiting...
